Archive member included to satisfy reference by file (symbol)

/opt/riscv/lib/gcc/riscv32-unknown-elf/12.1.0/libgcc.a(muldi3.o)
                              counter_wb_fir.elf-fir.o (__mulsi3)

Memory Configuration

Name             Origin             Length             Attributes
vexriscv_debug   0x00000000f00f0000 0x0000000000000100
dff              0x0000000000000000 0x0000000000000400
dff2             0x0000000000000400 0x0000000000000200
flash            0x0000000010000000 0x0000000001000000
mprj             0x0000000030000000 0x0000000000100000
mprjram          0x0000000038000000 0x0000000000400000
hk               0x0000000026000000 0x0000000000100000
csr              0x00000000f0000000 0x0000000000010000
*default*        0x0000000000000000 0xffffffffffffffff

Linker script and memory map

                0x0000000000000000                __DYNAMIC = 0x0

.text           0x0000000010000000      0x7f8
                0x0000000010000000                _ftext = .
 *crt0*(.text)
 .text          0x0000000010000000      0x144 counter_wb_fir.elf-crt0_vex.o
                0x0000000010000000                _start
                0x0000000010000020                trap_entry
 *crt0*(.text)
 *(.text.isr)
                0x0000000010000144                _etext = .
 .text          0x0000000010000144       0xb4 counter_wb_fir.elf-isr.o
                0x00000000100001a4                isr
 .text          0x00000000100001f8        0x0 counter_wb_fir.elf-fir.o
 .text          0x00000000100001f8      0x600 counter_wb_fir.elf-counter_wb_fir.o
                0x0000000010000230                putchar
                0x0000000010000298                print
                0x00000000100002ec                main

.rodata         0x00000000100007f8       0x30
                0x00000000100007f8                . = ALIGN (0x8)
 *fill*         0x00000000100007f8        0x0 
                0x00000000100007f8                _frodata = .
 *(.rodata .rodata.* .gnu.linkonce.r.*)
 .rodata        0x00000000100007f8       0x2c counter_wb_fir.elf-counter_wb_fir.o
 *(.rodata1)
                0x0000000010000828                . = ALIGN (0x8)
 *fill*         0x0000000010000824        0x4 
                0x0000000010000828                _erodata = .

.data           0x0000000000000000       0x58 load address 0x0000000010000828
                0x0000000000000000                . = ALIGN (0x8)
                0x0000000000000000                _fdata = .
 *(.data .data.* .gnu.linkonce.d.*)
 .data          0x0000000000000000        0x0 counter_wb_fir.elf-crt0_vex.o
 .data          0x0000000000000000        0x0 counter_wb_fir.elf-isr.o
 .data          0x0000000000000000       0x58 counter_wb_fir.elf-fir.o
                0x0000000000000000                taps
                0x000000000000002c                inputsignal
 .data          0x0000000000000058        0x0 counter_wb_fir.elf-counter_wb_fir.o
 .data          0x0000000000000058        0x0 /opt/riscv/lib/gcc/riscv32-unknown-elf/12.1.0/libgcc.a(muldi3.o)
 *(.data1)
                0x0000000000000060                _gp = ALIGN (0x10)
 *(.sdata .sdata.* .gnu.linkonce.s.*)
                0x0000000000000058                . = ALIGN (0x8)
                0x0000000000000058                _edata = .

.bss            0x0000000000000058       0x30 load address 0x0000000010000880
                0x0000000000000058                . = ALIGN (0x8)
                0x0000000000000058                _fbss = .
 *(.dynsbss)
 *(.sbss .sbss.* .gnu.linkonce.sb.*)
 .sbss          0x0000000000000058        0x2 counter_wb_fir.elf-isr.o
                0x0000000000000058                flag
 *(.scommon)
 *(.dynbss)
 *(.bss .bss.* .gnu.linkonce.b.*)
 .bss           0x000000000000005a        0x0 counter_wb_fir.elf-crt0_vex.o
 .bss           0x000000000000005a        0x0 counter_wb_fir.elf-isr.o
 *fill*         0x000000000000005a        0x2 
 .bss           0x000000000000005c       0x2c counter_wb_fir.elf-fir.o
                0x000000000000005c                outputsignal
 .bss           0x0000000000000088        0x0 counter_wb_fir.elf-counter_wb_fir.o
 .bss           0x0000000000000088        0x0 /opt/riscv/lib/gcc/riscv32-unknown-elf/12.1.0/libgcc.a(muldi3.o)
 *(COMMON)
                0x0000000000000088                . = ALIGN (0x8)
                0x0000000000000088                _ebss = .
                0x0000000000000088                _end = .

.mprjram        0x0000000038000000      0x158 load address 0x0000000010000880
                0x0000000038000000                . = ALIGN (0x8)
                0x0000000038000000                _fsram = .
 *libgcc.a:*(.text .text.*)
 .text          0x0000000038000000       0x24 /opt/riscv/lib/gcc/riscv32-unknown-elf/12.1.0/libgcc.a(muldi3.o)
                0x0000000038000000                __mulsi3
 .mprjram       0x0000000038000024      0x134 counter_wb_fir.elf-fir.o
                0x0000000038000024                initfir
                0x0000000038000078                fir
                0x0000000000000600                PROVIDE (_fstack = (ORIGIN (dff2) + LENGTH (dff2)))
                0x0000000010000828                PROVIDE (_fdata_rom = LOADADDR (.data))
                [!provide]                        PROVIDE (_edata_rom = (LOADADDR (.data) + SIZEOF (.data)))
                0x0000000038000158                PROVIDE (_esram = (ORIGIN (mprjram) + SIZEOF (.mprjram)))
                0x0000000010000880                PROVIDE (_esram_rom = LOADADDR (.mprjram))
LOAD counter_wb_fir.elf-crt0_vex.o
LOAD counter_wb_fir.elf-isr.o
LOAD counter_wb_fir.elf-fir.o
LOAD counter_wb_fir.elf-counter_wb_fir.o
LOAD /opt/riscv/lib/gcc/riscv32-unknown-elf/12.1.0/libgcc.a
START GROUP
LOAD /opt/riscv/lib/gcc/riscv32-unknown-elf/12.1.0/../../../../riscv32-unknown-elf/lib/libc.a
LOAD /opt/riscv/lib/gcc/riscv32-unknown-elf/12.1.0/../../../../riscv32-unknown-elf/lib/libgloss.a
END GROUP
LOAD /opt/riscv/lib/gcc/riscv32-unknown-elf/12.1.0/libgcc.a
OUTPUT(counter_wb_fir.elf elf32-littleriscv)

.rela.dyn       0x0000000038000158        0x0 load address 0x00000000100009d8
 .rela.text     0x0000000038000158        0x0 counter_wb_fir.elf-crt0_vex.o

.riscv.attributes
                0x0000000000000000       0x20
 .riscv.attributes
                0x0000000000000000       0x1e counter_wb_fir.elf-crt0_vex.o
 .riscv.attributes
                0x000000000000001e       0x20 counter_wb_fir.elf-isr.o
 .riscv.attributes
                0x000000000000003e       0x1c counter_wb_fir.elf-fir.o
 .riscv.attributes
                0x000000000000005a       0x1c counter_wb_fir.elf-counter_wb_fir.o
 .riscv.attributes
                0x0000000000000076       0x1a /opt/riscv/lib/gcc/riscv32-unknown-elf/12.1.0/libgcc.a(muldi3.o)

.comment        0x0000000000000000       0x1b
 .comment       0x0000000000000000       0x1b counter_wb_fir.elf-isr.o
                                         0x1c (size before relaxing)
 .comment       0x000000000000001b       0x1c counter_wb_fir.elf-fir.o
 .comment       0x000000000000001b       0x1c counter_wb_fir.elf-counter_wb_fir.o

.debug_line     0x0000000000000000      0xa11
 .debug_line    0x0000000000000000      0x204 counter_wb_fir.elf-crt0_vex.o
 .debug_line    0x0000000000000204       0xd1 counter_wb_fir.elf-isr.o
 .debug_line    0x00000000000002d5      0x13f counter_wb_fir.elf-fir.o
 .debug_line    0x0000000000000414      0x583 counter_wb_fir.elf-counter_wb_fir.o
 .debug_line    0x0000000000000997       0x7a /opt/riscv/lib/gcc/riscv32-unknown-elf/12.1.0/libgcc.a(muldi3.o)

.debug_line_str
                0x0000000000000000      0x175
 .debug_line_str
                0x0000000000000000       0x58 counter_wb_fir.elf-crt0_vex.o
 .debug_line_str
                0x0000000000000058       0x6b counter_wb_fir.elf-isr.o
                                        0x102 (size before relaxing)
 .debug_line_str
                0x00000000000000c3        0x6 counter_wb_fir.elf-fir.o
                                         0x94 (size before relaxing)
 .debug_line_str
                0x00000000000000c9       0x18 counter_wb_fir.elf-counter_wb_fir.o
                                        0x111 (size before relaxing)
 .debug_line_str
                0x00000000000000e1       0x94 /opt/riscv/lib/gcc/riscv32-unknown-elf/12.1.0/libgcc.a(muldi3.o)

.debug_info     0x0000000000000000      0x3d2
 .debug_info    0x0000000000000000       0x25 counter_wb_fir.elf-crt0_vex.o
 .debug_info    0x0000000000000025       0xed counter_wb_fir.elf-isr.o
 .debug_info    0x0000000000000112       0xeb counter_wb_fir.elf-fir.o
 .debug_info    0x00000000000001fd      0x1a6 counter_wb_fir.elf-counter_wb_fir.o
 .debug_info    0x00000000000003a3       0x2f /opt/riscv/lib/gcc/riscv32-unknown-elf/12.1.0/libgcc.a(muldi3.o)

.debug_abbrev   0x0000000000000000      0x276
 .debug_abbrev  0x0000000000000000       0x14 counter_wb_fir.elf-crt0_vex.o
 .debug_abbrev  0x0000000000000014       0xa9 counter_wb_fir.elf-isr.o
 .debug_abbrev  0x00000000000000bd       0xa7 counter_wb_fir.elf-fir.o
 .debug_abbrev  0x0000000000000164       0xf1 counter_wb_fir.elf-counter_wb_fir.o
 .debug_abbrev  0x0000000000000255       0x21 /opt/riscv/lib/gcc/riscv32-unknown-elf/12.1.0/libgcc.a(muldi3.o)

.debug_aranges  0x0000000000000000       0xa8
 .debug_aranges
                0x0000000000000000       0x20 counter_wb_fir.elf-crt0_vex.o
 .debug_aranges
                0x0000000000000020       0x20 counter_wb_fir.elf-isr.o
 .debug_aranges
                0x0000000000000040       0x28 counter_wb_fir.elf-fir.o
 .debug_aranges
                0x0000000000000068       0x20 counter_wb_fir.elf-counter_wb_fir.o
 .debug_aranges
                0x0000000000000088       0x20 /opt/riscv/lib/gcc/riscv32-unknown-elf/12.1.0/libgcc.a(muldi3.o)

.debug_str      0x0000000000000000      0x226
 .debug_str     0x0000000000000000       0x64 counter_wb_fir.elf-crt0_vex.o
 .debug_str     0x0000000000000064       0xec counter_wb_fir.elf-isr.o
                                        0x125 (size before relaxing)
 .debug_str     0x0000000000000150       0x26 counter_wb_fir.elf-fir.o
                                         0x8a (size before relaxing)
 .debug_str     0x0000000000000176       0x13 counter_wb_fir.elf-counter_wb_fir.o
                                        0x11e (size before relaxing)
 .debug_str     0x0000000000000189       0x9d /opt/riscv/lib/gcc/riscv32-unknown-elf/12.1.0/libgcc.a(muldi3.o)
                                         0xa9 (size before relaxing)

.debug_frame    0x0000000000000000      0x1d4
 .debug_frame   0x0000000000000000       0xa4 counter_wb_fir.elf-isr.o
 .debug_frame   0x00000000000000a4       0x60 counter_wb_fir.elf-fir.o
 .debug_frame   0x0000000000000104       0xd0 counter_wb_fir.elf-counter_wb_fir.o

.debug_rnglists
                0x0000000000000000       0x1f
 .debug_rnglists
                0x0000000000000000       0x1f counter_wb_fir.elf-fir.o
