Archive member included to satisfy reference by file (symbol)

/opt/riscv/lib/gcc/riscv32-unknown-elf/12.1.0/libgcc.a(muldi3.o)
                              integrate.elf-integrate.o (__mulsi3)

Memory Configuration

Name             Origin             Length             Attributes
vexriscv_debug   0x00000000f00f0000 0x0000000000000100
dff              0x0000000000000000 0x0000000000000400
dff2             0x0000000000000400 0x0000000000000200
flash            0x0000000010000000 0x0000000001000000
mprj             0x0000000030000000 0x0000000000100000
mprjram          0x0000000038000000 0x0000000000400000
hk               0x0000000026000000 0x0000000000100000
csr              0x00000000f0000000 0x0000000000010000
*default*        0x0000000000000000 0xffffffffffffffff

Linker script and memory map

                0x0000000000000000                __DYNAMIC = 0x0

.text           0x0000000010000000      0xb64
                0x0000000010000000                _ftext = .
 *crt0*(.text)
 .text          0x0000000010000000      0x148 integrate.elf-crt0_vex.o
                0x0000000010000000                _start
                0x0000000010000020                trap_entry
 *crt0*(.text)
 *(.text.isr)
                0x0000000010000148                _etext = .
 .text          0x0000000010000148      0x15c integrate.elf-isr.o
                0x0000000010000238                isr
 .text          0x00000000100002a4       0x38 integrate.elf-integrate.o
 .text          0x00000000100002dc      0x888 integrate.elf-counter_la_integrate.o
                0x000000001000037c                putchar
                0x00000000100003e4                print
                0x0000000010000488                main

.mprj           0x0000000010000b64      0x1ec
 .mprj          0x0000000010000b64      0x1ec integrate.elf-integrate.o
                0x0000000010000b64                uart_write
                0x0000000010000bac                uart_write_char
                0x0000000010000c14                uart_write_string
                0x0000000010000c68                uart_read_char
                0x0000000010000cdc                uart_read

.rodata         0x0000000010000d50        0x0
                0x0000000010000d50                . = ALIGN (0x8)
 *fill*         0x0000000010000d50        0x0 
                0x0000000010000d50                _frodata = .
 *(.rodata .rodata.* .gnu.linkonce.r.*)
 *(.rodata1)
                0x0000000010000d50                . = ALIGN (0x8)
                0x0000000010000d50                _erodata = .

.data           0x0000000000000000      0x108 load address 0x0000000010000d50
                0x0000000000000000                . = ALIGN (0x8)
                0x0000000000000000                _fdata = .
 *(.data .data.* .gnu.linkonce.d.*)
 .data          0x0000000000000000        0x0 integrate.elf-crt0_vex.o
 .data          0x0000000000000000        0x0 integrate.elf-isr.o
 .data          0x0000000000000000      0x100 integrate.elf-integrate.o
                0x0000000000000000                A
                0x0000000000000040                B
                0x0000000000000080                C
                0x00000000000000a8                taps
                0x00000000000000d4                inputsignal
 .data          0x0000000000000100        0x0 integrate.elf-counter_la_integrate.o
 .data          0x0000000000000100        0x0 /opt/riscv/lib/gcc/riscv32-unknown-elf/12.1.0/libgcc.a(muldi3.o)
 *(.data1)
                0x0000000000000100                _gp = ALIGN (0x10)
 *(.sdata .sdata.* .gnu.linkonce.s.*)
 .sdata         0x0000000000000100        0x4 integrate.elf-isr.o
                0x0000000000000100                counter
                0x0000000000000108                . = ALIGN (0x8)
 *fill*         0x0000000000000104        0x4 
                0x0000000000000108                _edata = .

.bss            0x0000000000000108       0x98 load address 0x0000000010000e58
                0x0000000000000108                . = ALIGN (0x8)
                0x0000000000000108                _fbss = .
 *(.dynsbss)
 *(.sbss .sbss.* .gnu.linkonce.sb.*)
 *(.scommon)
 *(.dynbss)
 *(.bss .bss.* .gnu.linkonce.b.*)
 .bss           0x0000000000000108        0x0 integrate.elf-crt0_vex.o
 .bss           0x0000000000000108        0x0 integrate.elf-isr.o
 .bss           0x0000000000000108       0x98 integrate.elf-integrate.o
                0x0000000000000108                result
                0x0000000000000148                inputbuffer
                0x0000000000000174                outputsignal
 .bss           0x00000000000001a0        0x0 integrate.elf-counter_la_integrate.o
 .bss           0x00000000000001a0        0x0 /opt/riscv/lib/gcc/riscv32-unknown-elf/12.1.0/libgcc.a(muldi3.o)
 *(COMMON)
                0x00000000000001a0                . = ALIGN (0x8)
                0x00000000000001a0                _ebss = .
                0x00000000000001a0                _end = .

.mprjram        0x0000000038000000      0x53c load address 0x0000000010000e58
                0x0000000038000000                . = ALIGN (0x8)
                0x0000000038000000                _fsram = .
 *libgcc.a:*(.text .text.*)
 .text          0x0000000038000000       0x24 /opt/riscv/lib/gcc/riscv32-unknown-elf/12.1.0/libgcc.a(muldi3.o)
                0x0000000038000000                __mulsi3
 .mprjram       0x0000000038000024      0x518 integrate.elf-integrate.o
                0x0000000038000024                matmul
                0x000000003800013c                partition
                0x00000000380002c0                sort
                0x0000000038000330                qsort
                0x0000000038000364                initfir
                0x00000000380003cc                firfilter
                0x00000000380004bc                fir
                0x0000000000000600                PROVIDE (_fstack = (ORIGIN (dff2) + LENGTH (dff2)))
                0x0000000010000d50                PROVIDE (_fdata_rom = LOADADDR (.data))
                [!provide]                        PROVIDE (_edata_rom = (LOADADDR (.data) + SIZEOF (.data)))
                0x000000003800053c                PROVIDE (_esram = (ORIGIN (mprjram) + SIZEOF (.mprjram)))
                0x0000000010000e58                PROVIDE (_esram_rom = LOADADDR (.mprjram))
LOAD integrate.elf-crt0_vex.o
LOAD integrate.elf-isr.o
LOAD integrate.elf-integrate.o
LOAD integrate.elf-counter_la_integrate.o
LOAD /opt/riscv/lib/gcc/riscv32-unknown-elf/12.1.0/libgcc.a
START GROUP
LOAD /opt/riscv/lib/gcc/riscv32-unknown-elf/12.1.0/../../../../riscv32-unknown-elf/lib/libc.a
LOAD /opt/riscv/lib/gcc/riscv32-unknown-elf/12.1.0/../../../../riscv32-unknown-elf/lib/libgloss.a
END GROUP
LOAD /opt/riscv/lib/gcc/riscv32-unknown-elf/12.1.0/libgcc.a
OUTPUT(integrate.elf elf32-littleriscv)

.rela.dyn       0x000000003800053c        0x0 load address 0x0000000010001394
 .rela.text     0x000000003800053c        0x0 integrate.elf-crt0_vex.o

.riscv.attributes
                0x0000000000000000       0x20
 .riscv.attributes
                0x0000000000000000       0x1e integrate.elf-crt0_vex.o
 .riscv.attributes
                0x000000000000001e       0x20 integrate.elf-isr.o
 .riscv.attributes
                0x000000000000003e       0x1c integrate.elf-integrate.o
 .riscv.attributes
                0x000000000000005a       0x20 integrate.elf-counter_la_integrate.o
 .riscv.attributes
                0x000000000000007a       0x1a /opt/riscv/lib/gcc/riscv32-unknown-elf/12.1.0/libgcc.a(muldi3.o)

.comment        0x0000000000000000       0x1b
 .comment       0x0000000000000000       0x1b integrate.elf-isr.o
                                         0x1c (size before relaxing)
 .comment       0x000000000000001b       0x1c integrate.elf-integrate.o
 .comment       0x000000000000001b       0x1c integrate.elf-counter_la_integrate.o

.debug_line     0x0000000000000000     0x1316
 .debug_line    0x0000000000000000      0x20a integrate.elf-crt0_vex.o
 .debug_line    0x000000000000020a      0x151 integrate.elf-isr.o
 .debug_line    0x000000000000035b      0x639 integrate.elf-integrate.o
 .debug_line    0x0000000000000994      0x908 integrate.elf-counter_la_integrate.o
 .debug_line    0x000000000000129c       0x7a /opt/riscv/lib/gcc/riscv32-unknown-elf/12.1.0/libgcc.a(muldi3.o)

.debug_line_str
                0x0000000000000000      0x1a8
 .debug_line_str
                0x0000000000000000       0x5e integrate.elf-crt0_vex.o
 .debug_line_str
                0x000000000000005e       0x8c integrate.elf-isr.o
                                        0x12f (size before relaxing)
 .debug_line_str
                0x00000000000000ea        0xc integrate.elf-integrate.o
                                        0x113 (size before relaxing)
 .debug_line_str
                0x00000000000000f6       0x1e integrate.elf-counter_la_integrate.o
                                        0x15a (size before relaxing)
 .debug_line_str
                0x0000000000000114       0x94 /opt/riscv/lib/gcc/riscv32-unknown-elf/12.1.0/libgcc.a(muldi3.o)

.debug_info     0x0000000000000000      0x855
 .debug_info    0x0000000000000000       0x25 integrate.elf-crt0_vex.o
 .debug_info    0x0000000000000025      0x1a3 integrate.elf-isr.o
 .debug_info    0x00000000000001c8      0x437 integrate.elf-integrate.o
 .debug_info    0x00000000000005ff      0x227 integrate.elf-counter_la_integrate.o
 .debug_info    0x0000000000000826       0x2f /opt/riscv/lib/gcc/riscv32-unknown-elf/12.1.0/libgcc.a(muldi3.o)

.debug_abbrev   0x0000000000000000      0x4cd
 .debug_abbrev  0x0000000000000000       0x14 integrate.elf-crt0_vex.o
 .debug_abbrev  0x0000000000000014      0x131 integrate.elf-isr.o
 .debug_abbrev  0x0000000000000145      0x1fc integrate.elf-integrate.o
 .debug_abbrev  0x0000000000000341      0x16b integrate.elf-counter_la_integrate.o
 .debug_abbrev  0x00000000000004ac       0x21 /opt/riscv/lib/gcc/riscv32-unknown-elf/12.1.0/libgcc.a(muldi3.o)

.debug_aranges  0x0000000000000000      0x100
 .debug_aranges
                0x0000000000000000       0x20 integrate.elf-crt0_vex.o
 .debug_aranges
                0x0000000000000020       0x20 integrate.elf-isr.o
 .debug_aranges
                0x0000000000000040       0x80 integrate.elf-integrate.o
 .debug_aranges
                0x00000000000000c0       0x20 integrate.elf-counter_la_integrate.o
 .debug_aranges
                0x00000000000000e0       0x20 /opt/riscv/lib/gcc/riscv32-unknown-elf/12.1.0/libgcc.a(muldi3.o)

.debug_str      0x0000000000000000      0x33e
 .debug_str     0x0000000000000000       0x6a integrate.elf-crt0_vex.o
 .debug_str     0x000000000000006a      0x139 integrate.elf-isr.o
                                        0x17a (size before relaxing)
 .debug_str     0x00000000000001a3       0xb5 integrate.elf-integrate.o
                                        0x1da (size before relaxing)
 .debug_str     0x0000000000000258       0x49 integrate.elf-counter_la_integrate.o
                                        0x183 (size before relaxing)
 .debug_str     0x00000000000002a1       0x9d /opt/riscv/lib/gcc/riscv32-unknown-elf/12.1.0/libgcc.a(muldi3.o)
                                         0xa9 (size before relaxing)

.debug_frame    0x0000000000000000      0x4a0
 .debug_frame   0x0000000000000000      0x118 integrate.elf-isr.o
 .debug_frame   0x0000000000000118      0x224 integrate.elf-integrate.o
 .debug_frame   0x000000000000033c      0x164 integrate.elf-counter_la_integrate.o

.debug_rnglists
                0x0000000000000000       0x82
 .debug_rnglists
                0x0000000000000000       0x82 integrate.elf-integrate.o
