Archive member included to satisfy reference by file (symbol)

/opt/riscv/lib/gcc/riscv32-unknown-elf/12.1.0/libgcc.a(muldi3.o)
                              counter_la_mm.elf-matmul.o (__mulsi3)

Memory Configuration

Name             Origin             Length             Attributes
vexriscv_debug   0x00000000f00f0000 0x0000000000000100
dff              0x0000000000000000 0x0000000000000400
dff2             0x0000000000000400 0x0000000000000200
flash            0x0000000010000000 0x0000000001000000
mprj             0x0000000030000000 0x0000000000100000
mprjram          0x0000000038000000 0x0000000000400000
hk               0x0000000026000000 0x0000000000100000
csr              0x00000000f0000000 0x0000000000010000
*default*        0x0000000000000000 0xffffffffffffffff

Linker script and memory map

                0x0000000000000000                __DYNAMIC = 0x0

.text           0x0000000010000000      0x378
                0x0000000010000000                _ftext = .
 *crt0*(.text)
 .text          0x0000000010000000      0x154 counter_la_mm.elf-crt0_vex.o
                0x0000000010000000                _start
                0x0000000010000020                trap_entry
 *crt0*(.text)
 *(.text.isr)
 *(.text .stub .text.* .gnu.linkonce.t.*)
 .text          0x0000000010000154       0x2c counter_la_mm.elf-isr.o
                0x0000000010000154                isr
 .text          0x0000000010000180        0x0 counter_la_mm.elf-matmul.o
 .text          0x0000000010000180       0x84 counter_la_mm.elf-counter_la_mm.o
                0x0000000010000180                putchar
                0x00000000100001bc                print
 .text.startup  0x0000000010000204      0x150 counter_la_mm.elf-counter_la_mm.o
                0x0000000010000204                main
 .text          0x0000000010000354       0x24 /opt/riscv/lib/gcc/riscv32-unknown-elf/12.1.0/libgcc.a(muldi3.o)
                0x0000000010000354                __mulsi3
                0x0000000010000378                _etext = .

.rela.dyn       0x0000000010000378        0x0
 .rela.text     0x0000000010000378        0x0 counter_la_mm.elf-crt0_vex.o

.rodata         0x0000000010000378        0x0
                0x0000000010000378                . = ALIGN (0x8)
 *fill*         0x0000000010000378        0x0 
                0x0000000010000378                _frodata = .
 *(.rodata .rodata.* .gnu.linkonce.r.*)
 *(.rodata1)
                0x0000000010000378                . = ALIGN (0x8)
                0x0000000010000378                _erodata = .

.data           0x0000000030000000       0x80 load address 0x0000000010000378
                0x0000000030000000                . = ALIGN (0x8)
                0x0000000030000000                _fdata = .
 *(.data .data.* .gnu.linkonce.d.*)
 .data          0x0000000030000000        0x0 counter_la_mm.elf-crt0_vex.o
 .data          0x0000000030000000        0x0 counter_la_mm.elf-isr.o
 .data          0x0000000030000000       0x80 counter_la_mm.elf-matmul.o
                0x0000000030000000                A
                0x0000000030000040                B
 .data          0x0000000030000080        0x0 counter_la_mm.elf-counter_la_mm.o
 .data          0x0000000030000080        0x0 /opt/riscv/lib/gcc/riscv32-unknown-elf/12.1.0/libgcc.a(muldi3.o)
 *(.data1)
                0x0000000030000080                _gp = ALIGN (0x10)
 *(.sdata .sdata.* .gnu.linkonce.s.*)
                0x0000000030000080                . = ALIGN (0x8)
                0x0000000030000080                _edata = .

.bss            0x0000000030000080       0x48 load address 0x00000000100003f8
                0x0000000030000080                . = ALIGN (0x8)
                0x0000000030000080                _fbss = .
 *(.dynsbss)
 *(.sbss .sbss.* .gnu.linkonce.sb.*)
 .sbss          0x0000000030000080        0x2 counter_la_mm.elf-isr.o
                0x0000000030000080                flag
 *(.scommon)
 *(.dynbss)
 *(.bss .bss.* .gnu.linkonce.b.*)
 .bss           0x0000000030000082        0x0 counter_la_mm.elf-crt0_vex.o
 .bss           0x0000000030000082        0x0 counter_la_mm.elf-isr.o
 *fill*         0x0000000030000082        0x2 
 .bss           0x0000000030000084       0x40 counter_la_mm.elf-matmul.o
                0x0000000030000084                result
 .bss           0x00000000300000c4        0x0 counter_la_mm.elf-counter_la_mm.o
 .bss           0x00000000300000c4        0x0 /opt/riscv/lib/gcc/riscv32-unknown-elf/12.1.0/libgcc.a(muldi3.o)
 *(COMMON)
                0x00000000300000c8                . = ALIGN (0x8)
 *fill*         0x00000000300000c4        0x4 
                0x00000000300000c8                _ebss = .
                0x00000000300000c8                _end = .

.mprjram        0x0000000038000000      0x104 load address 0x00000000100003f8
                0x0000000038000000                . = ALIGN (0x8)
                0x0000000038000000                _fsram = .
 .mprjram       0x0000000038000000      0x104 counter_la_mm.elf-matmul.o
                0x0000000038000000                matmul
                0x0000000000000600                PROVIDE (_fstack = (ORIGIN (dff2) + LENGTH (dff2)))
                0x0000000010000378                PROVIDE (_fdata_rom = LOADADDR (.data))
                [!provide]                        PROVIDE (_edata_rom = (LOADADDR (.data) + SIZEOF (.data)))
                0x0000000038000104                PROVIDE (_esram = (ORIGIN (mprjram) + SIZEOF (.mprjram)))
                0x00000000100003f8                PROVIDE (_esram_rom = LOADADDR (.mprjram))
LOAD counter_la_mm.elf-crt0_vex.o
LOAD counter_la_mm.elf-isr.o
LOAD counter_la_mm.elf-matmul.o
LOAD counter_la_mm.elf-counter_la_mm.o
LOAD /opt/riscv/lib/gcc/riscv32-unknown-elf/12.1.0/libgcc.a
START GROUP
LOAD /opt/riscv/lib/gcc/riscv32-unknown-elf/12.1.0/../../../../riscv32-unknown-elf/lib/libc.a
LOAD /opt/riscv/lib/gcc/riscv32-unknown-elf/12.1.0/../../../../riscv32-unknown-elf/lib/libgloss.a
END GROUP
LOAD /opt/riscv/lib/gcc/riscv32-unknown-elf/12.1.0/libgcc.a
OUTPUT(counter_la_mm.elf elf32-littleriscv)

.riscv.attributes
                0x0000000000000000       0x20
 .riscv.attributes
                0x0000000000000000       0x1e counter_la_mm.elf-crt0_vex.o
 .riscv.attributes
                0x000000000000001e       0x20 counter_la_mm.elf-isr.o
 .riscv.attributes
                0x000000000000003e       0x1c counter_la_mm.elf-matmul.o
 .riscv.attributes
                0x000000000000005a       0x1c counter_la_mm.elf-counter_la_mm.o
 .riscv.attributes
                0x0000000000000076       0x1a /opt/riscv/lib/gcc/riscv32-unknown-elf/12.1.0/libgcc.a(muldi3.o)

.comment        0x0000000000000000       0x1b
 .comment       0x0000000000000000       0x1b counter_la_mm.elf-isr.o
                                         0x1c (size before relaxing)
 .comment       0x000000000000001b       0x1c counter_la_mm.elf-matmul.o
 .comment       0x000000000000001b       0x1c counter_la_mm.elf-counter_la_mm.o

.debug_line     0x0000000000000000      0xacf
 .debug_line    0x0000000000000000      0x204 counter_la_mm.elf-crt0_vex.o
 .debug_line    0x0000000000000204       0xb3 counter_la_mm.elf-isr.o
 .debug_line    0x00000000000002b7      0x17c counter_la_mm.elf-matmul.o
 .debug_line    0x0000000000000433      0x622 counter_la_mm.elf-counter_la_mm.o
 .debug_line    0x0000000000000a55       0x7a /opt/riscv/lib/gcc/riscv32-unknown-elf/12.1.0/libgcc.a(muldi3.o)

.debug_line_str
                0x0000000000000000      0x185
 .debug_line_str
                0x0000000000000000       0x66 counter_la_mm.elf-crt0_vex.o
 .debug_line_str
                0x0000000000000066       0x62 counter_la_mm.elf-isr.o
                                        0x115 (size before relaxing)
 .debug_line_str
                0x00000000000000c8       0x12 counter_la_mm.elf-matmul.o
                                         0xbc (size before relaxing)
 .debug_line_str
                0x00000000000000da       0x17 counter_la_mm.elf-counter_la_mm.o
                                        0x121 (size before relaxing)
 .debug_line_str
                0x00000000000000f1       0x94 /opt/riscv/lib/gcc/riscv32-unknown-elf/12.1.0/libgcc.a(muldi3.o)

.debug_info     0x0000000000000000      0x38f
 .debug_info    0x0000000000000000       0x25 counter_la_mm.elf-crt0_vex.o
 .debug_info    0x0000000000000025       0xdc counter_la_mm.elf-isr.o
 .debug_info    0x0000000000000101       0xf0 counter_la_mm.elf-matmul.o
 .debug_info    0x00000000000001f1      0x16f counter_la_mm.elf-counter_la_mm.o
 .debug_info    0x0000000000000360       0x2f /opt/riscv/lib/gcc/riscv32-unknown-elf/12.1.0/libgcc.a(muldi3.o)

.debug_abbrev   0x0000000000000000      0x2ea
 .debug_abbrev  0x0000000000000000       0x14 counter_la_mm.elf-crt0_vex.o
 .debug_abbrev  0x0000000000000014       0xa2 counter_la_mm.elf-isr.o
 .debug_abbrev  0x00000000000000b6       0xd1 counter_la_mm.elf-matmul.o
 .debug_abbrev  0x0000000000000187      0x142 counter_la_mm.elf-counter_la_mm.o
 .debug_abbrev  0x00000000000002c9       0x21 /opt/riscv/lib/gcc/riscv32-unknown-elf/12.1.0/libgcc.a(muldi3.o)

.debug_aranges  0x0000000000000000       0xa8
 .debug_aranges
                0x0000000000000000       0x20 counter_la_mm.elf-crt0_vex.o
 .debug_aranges
                0x0000000000000020       0x20 counter_la_mm.elf-isr.o
 .debug_aranges
                0x0000000000000040       0x20 counter_la_mm.elf-matmul.o
 .debug_aranges
                0x0000000000000060       0x28 counter_la_mm.elf-counter_la_mm.o
 .debug_aranges
                0x0000000000000088       0x20 /opt/riscv/lib/gcc/riscv32-unknown-elf/12.1.0/libgcc.a(muldi3.o)

.debug_str      0x0000000000000000      0x204
 .debug_str     0x0000000000000000       0x72 counter_la_mm.elf-crt0_vex.o
 .debug_str     0x0000000000000072       0xce counter_la_mm.elf-isr.o
                                        0x107 (size before relaxing)
 .debug_str     0x0000000000000140       0x1d counter_la_mm.elf-matmul.o
                                         0x85 (size before relaxing)
 .debug_str     0x000000000000015d       0x13 counter_la_mm.elf-counter_la_mm.o
                                        0x107 (size before relaxing)
 .debug_str     0x0000000000000170       0x94 /opt/riscv/lib/gcc/riscv32-unknown-elf/12.1.0/libgcc.a(muldi3.o)
                                         0xa9 (size before relaxing)

.debug_loclists
                0x0000000000000000       0xa9
 .debug_loclists
                0x0000000000000000       0x19 counter_la_mm.elf-isr.o
 .debug_loclists
                0x0000000000000019       0x56 counter_la_mm.elf-matmul.o
 .debug_loclists
                0x000000000000006f       0x3a counter_la_mm.elf-counter_la_mm.o

.debug_frame    0x0000000000000000       0xd4
 .debug_frame   0x0000000000000000       0x20 counter_la_mm.elf-isr.o
 .debug_frame   0x0000000000000020       0x60 counter_la_mm.elf-matmul.o
 .debug_frame   0x0000000000000080       0x54 counter_la_mm.elf-counter_la_mm.o

.debug_rnglists
                0x0000000000000000       0x64
 .debug_rnglists
                0x0000000000000000       0x16 counter_la_mm.elf-matmul.o
 .debug_rnglists
                0x0000000000000016       0x4e counter_la_mm.elf-counter_la_mm.o
