Archive member included to satisfy reference by file (symbol)

/opt/riscv/lib/gcc/riscv32-unknown-elf/12.1.0/libgcc.a(muldi3.o)
                              integrate.elf-integrate.o (__mulsi3)

Memory Configuration

Name             Origin             Length             Attributes
vexriscv_debug   0x00000000f00f0000 0x0000000000000100
dff              0x0000000000000000 0x0000000000000400
dff2             0x0000000000000400 0x0000000000000200
flash            0x0000000010000000 0x0000000001000000
mprj             0x0000000030000000 0x0000000000100000
code_data        0x0000000035000800 0x0000000000100000
mprjram          0x0000000038000000 0x0000000000400000
hk               0x0000000026000000 0x0000000000100000
csr              0x00000000f0000000 0x0000000000010000
*default*        0x0000000000000000 0xffffffffffffffff

Linker script and memory map

                0x0000000000000000                __DYNAMIC = 0x0

.text           0x0000000010000000      0x23c
                0x0000000010000000                _ftext = .
 *crt0*(.text)
 .text          0x0000000010000000      0x150 integrate.elf-crt0_vex.o
                0x0000000010000000                _start
                0x0000000010000020                trap_entry
 *crt0*(.text)
 *(.text.isr)
                0x0000000010000150                _etext = .
 .text          0x0000000010000150       0x68 integrate.elf-isr.o
                0x0000000010000150                isr
 .text          0x00000000100001b8        0x0 integrate.elf-integrate.o
 .text          0x00000000100001b8       0x84 integrate.elf-counter_la_integrate.o
                0x00000000100001b8                putchar
                0x00000000100001f4                print

.mprj           0x000000001000023c       0xf8
 .mprj          0x000000001000023c       0xf8 integrate.elf-integrate.o
                0x000000001000023c                uart_write
                0x0000000010000254                uart_write_char
                0x0000000010000290                uart_write_string
                0x00000000100002dc                uart_read_char
                0x000000001000030c                uart_read

.text.startup   0x0000000010000334      0x284
 .text.startup  0x0000000010000334      0x284 integrate.elf-counter_la_integrate.o
                0x0000000010000334                main

.rodata         0x00000000100005b8        0x0
                0x00000000100005b8                . = ALIGN (0x8)
 *fill*         0x00000000100005b8        0x0 
                0x00000000100005b8                _frodata = .
 *(.rodata .rodata.* .gnu.linkonce.r.*)
 *(.rodata1)
                0x00000000100005b8                . = ALIGN (0x8)
                0x00000000100005b8                _erodata = .

.data           0x0000000035000800       0xd8 load address 0x00000000100005b8
                0x0000000035000800                . = ALIGN (0x8)
                0x0000000035000800                _fdata = .
 *(.data .data.* .gnu.linkonce.d.*)
 .data          0x0000000035000800        0x0 integrate.elf-crt0_vex.o
 .data          0x0000000035000800        0x0 integrate.elf-isr.o
 .data          0x0000000035000800       0xd4 integrate.elf-integrate.o
                0x0000000035000800                C
                0x0000000035000828                A
                0x0000000035000868                B
                0x00000000350008a8                tap
 .data          0x00000000350008d4        0x0 integrate.elf-counter_la_integrate.o
 .data          0x00000000350008d4        0x0 /opt/riscv/lib/gcc/riscv32-unknown-elf/12.1.0/libgcc.a(muldi3.o)
 *(.data1)
                0x00000000350008e0                _gp = ALIGN (0x10)
 *(.sdata .sdata.* .gnu.linkonce.s.*)
 .sdata         0x00000000350008d4        0x4 integrate.elf-isr.o
                0x00000000350008d4                counter
                0x00000000350008d8                . = ALIGN (0x8)
                0x00000000350008d8                _edata = .

.bss            0x0000000000000000       0x40 load address 0x0000000010000690
                0x0000000000000000                . = ALIGN (0x8)
                0x0000000000000000                _fbss = .
 *(.dynsbss)
 *(.sbss .sbss.* .gnu.linkonce.sb.*)
 *(.scommon)
 *(.dynbss)
 *(.bss .bss.* .gnu.linkonce.b.*)
 .bss           0x0000000000000000        0x0 integrate.elf-crt0_vex.o
 .bss           0x0000000000000000        0x0 integrate.elf-isr.o
 .bss           0x0000000000000000       0x40 integrate.elf-integrate.o
                0x0000000000000000                result
 .bss           0x0000000000000040        0x0 integrate.elf-counter_la_integrate.o
 .bss           0x0000000000000040        0x0 /opt/riscv/lib/gcc/riscv32-unknown-elf/12.1.0/libgcc.a(muldi3.o)
 *(COMMON)
                0x0000000000000040                . = ALIGN (0x8)
                0x0000000000000040                _ebss = .
                0x0000000000000040                _end = .

.mprjram        0x0000000038000000      0x408 load address 0x0000000010000690
                0x0000000038000000                . = ALIGN (0x8)
                0x0000000038000000                _fsram = .
 *libgcc.a:*(.text .text.*)
 .text          0x0000000038000000       0x24 /opt/riscv/lib/gcc/riscv32-unknown-elf/12.1.0/libgcc.a(muldi3.o)
                0x0000000038000000                __mulsi3
 .mprjram       0x0000000038000024      0x3e4 integrate.elf-integrate.o
                0x0000000038000024                partition
                0x000000003800009c                sort
                0x0000000038000264                qsort
                0x00000000380002bc                matmul
                0x00000000380003b8                initfir
                0x0000000000000600                PROVIDE (_fstack = (ORIGIN (dff2) + LENGTH (dff2)))
                0x00000000100005b8                PROVIDE (_fdata_rom = LOADADDR (.data))
                [!provide]                        PROVIDE (_edata_rom = (LOADADDR (.data) + SIZEOF (.data)))
                0x0000000038000408                PROVIDE (_esram = (ORIGIN (mprjram) + SIZEOF (.mprjram)))
                0x0000000010000690                PROVIDE (_esram_rom = LOADADDR (.mprjram))
LOAD integrate.elf-crt0_vex.o
LOAD integrate.elf-isr.o
LOAD integrate.elf-integrate.o
LOAD integrate.elf-counter_la_integrate.o
LOAD /opt/riscv/lib/gcc/riscv32-unknown-elf/12.1.0/libgcc.a
START GROUP
LOAD /opt/riscv/lib/gcc/riscv32-unknown-elf/12.1.0/../../../../riscv32-unknown-elf/lib/libc.a
LOAD /opt/riscv/lib/gcc/riscv32-unknown-elf/12.1.0/../../../../riscv32-unknown-elf/lib/libgloss.a
END GROUP
LOAD /opt/riscv/lib/gcc/riscv32-unknown-elf/12.1.0/libgcc.a
OUTPUT(integrate.elf elf32-littleriscv)

.rela.dyn       0x0000000038000408        0x0 load address 0x0000000010000a98
 .rela.text     0x0000000038000408        0x0 integrate.elf-crt0_vex.o

.riscv.attributes
                0x0000000000000000       0x20
 .riscv.attributes
                0x0000000000000000       0x1e integrate.elf-crt0_vex.o
 .riscv.attributes
                0x000000000000001e       0x20 integrate.elf-isr.o
 .riscv.attributes
                0x000000000000003e       0x1c integrate.elf-integrate.o
 .riscv.attributes
                0x000000000000005a       0x20 integrate.elf-counter_la_integrate.o
 .riscv.attributes
                0x000000000000007a       0x1a /opt/riscv/lib/gcc/riscv32-unknown-elf/12.1.0/libgcc.a(muldi3.o)

.comment        0x0000000000000000       0x1b
 .comment       0x0000000000000000       0x1b integrate.elf-isr.o
                                         0x1c (size before relaxing)
 .comment       0x000000000000001b       0x1c integrate.elf-integrate.o
 .comment       0x000000000000001b       0x1c integrate.elf-counter_la_integrate.o

.debug_line     0x0000000000000000     0x181b
 .debug_line    0x0000000000000000      0x20a integrate.elf-crt0_vex.o
 .debug_line    0x000000000000020a      0x18f integrate.elf-isr.o
 .debug_line    0x0000000000000399      0xa3e integrate.elf-integrate.o
 .debug_line    0x0000000000000dd7      0x9ca integrate.elf-counter_la_integrate.o
 .debug_line    0x00000000000017a1       0x7a /opt/riscv/lib/gcc/riscv32-unknown-elf/12.1.0/libgcc.a(muldi3.o)

.debug_line_str
                0x0000000000000000      0x198
 .debug_line_str
                0x0000000000000000       0x57 integrate.elf-crt0_vex.o
 .debug_line_str
                0x0000000000000057       0x83 integrate.elf-isr.o
                                        0x118 (size before relaxing)
 .debug_line_str
                0x00000000000000da        0xc integrate.elf-integrate.o
                                         0xed (size before relaxing)
 .debug_line_str
                0x00000000000000e6       0x1e integrate.elf-counter_la_integrate.o
                                        0x143 (size before relaxing)
 .debug_line_str
                0x0000000000000104       0x94 /opt/riscv/lib/gcc/riscv32-unknown-elf/12.1.0/libgcc.a(muldi3.o)

.debug_info     0x0000000000000000      0xc55
 .debug_info    0x0000000000000000       0x25 integrate.elf-crt0_vex.o
 .debug_info    0x0000000000000025      0x1fe integrate.elf-isr.o
 .debug_info    0x0000000000000223      0x70d integrate.elf-integrate.o
 .debug_info    0x0000000000000930      0x2f6 integrate.elf-counter_la_integrate.o
 .debug_info    0x0000000000000c26       0x2f /opt/riscv/lib/gcc/riscv32-unknown-elf/12.1.0/libgcc.a(muldi3.o)

.debug_abbrev   0x0000000000000000      0x635
 .debug_abbrev  0x0000000000000000       0x14 integrate.elf-crt0_vex.o
 .debug_abbrev  0x0000000000000014      0x19e integrate.elf-isr.o
 .debug_abbrev  0x00000000000001b2      0x258 integrate.elf-integrate.o
 .debug_abbrev  0x000000000000040a      0x20a integrate.elf-counter_la_integrate.o
 .debug_abbrev  0x0000000000000614       0x21 /opt/riscv/lib/gcc/riscv32-unknown-elf/12.1.0/libgcc.a(muldi3.o)

.debug_aranges  0x0000000000000000       0xf0
 .debug_aranges
                0x0000000000000000       0x20 integrate.elf-crt0_vex.o
 .debug_aranges
                0x0000000000000020       0x20 integrate.elf-isr.o
 .debug_aranges
                0x0000000000000040       0x68 integrate.elf-integrate.o
 .debug_aranges
                0x00000000000000a8       0x28 integrate.elf-counter_la_integrate.o
 .debug_aranges
                0x00000000000000d0       0x20 /opt/riscv/lib/gcc/riscv32-unknown-elf/12.1.0/libgcc.a(muldi3.o)

.debug_str      0x0000000000000000      0x2d5
 .debug_str     0x0000000000000000       0x63 integrate.elf-crt0_vex.o
 .debug_str     0x0000000000000063      0x124 integrate.elf-isr.o
                                        0x165 (size before relaxing)
 .debug_str     0x0000000000000187       0x71 integrate.elf-integrate.o
                                        0x178 (size before relaxing)
 .debug_str     0x00000000000001f8       0x49 integrate.elf-counter_la_integrate.o
                                        0x16d (size before relaxing)
 .debug_str     0x0000000000000241       0x94 /opt/riscv/lib/gcc/riscv32-unknown-elf/12.1.0/libgcc.a(muldi3.o)
                                         0xa9 (size before relaxing)

.debug_loclists
                0x0000000000000000      0x54b
 .debug_loclists
                0x0000000000000000       0x8e integrate.elf-isr.o
 .debug_loclists
                0x000000000000008e      0x3cc integrate.elf-integrate.o
 .debug_loclists
                0x000000000000045a       0xf1 integrate.elf-counter_la_integrate.o

.debug_rnglists
                0x0000000000000000      0x17d
 .debug_rnglists
                0x0000000000000000       0x44 integrate.elf-isr.o
 .debug_rnglists
                0x0000000000000044       0xbc integrate.elf-integrate.o
 .debug_rnglists
                0x0000000000000100       0x7d integrate.elf-counter_la_integrate.o

.debug_frame    0x0000000000000000      0x1cc
 .debug_frame   0x0000000000000000       0x34 integrate.elf-isr.o
 .debug_frame   0x0000000000000034      0x144 integrate.elf-integrate.o
 .debug_frame   0x0000000000000178       0x54 integrate.elf-counter_la_integrate.o
